// Jest Snapshot v1, https://goo.gl/fbAQLP

exports[`k6 handle-summary json 1`] = `
"// Auto-generated by the postman-to-k6 converter

import "./libs/shim/core.js";

export let options = { maxRedirects: 4 };

const Request = Symbol.for("request");
postman[Symbol.for("initial")]({
  options
});

export function handleSummary(data) {
  console.log("Preparing the end-of-test summary: ");
  return {
    "k6-handle-summary.json": JSON.stringify(data)
  };
}

export default function() {
  postman[Request]({
    name: "TestRequest",
    method: "GET",
    address: "http://example.com/"
  });
}
"
`;
